../Drivers/STM32L4xx_HAL_Driver/Src/stm32l4xx_hal_ospi.c:2762:13:OSPI_DMACplt	0	static
../Drivers/STM32L4xx_HAL_Driver/Src/stm32l4xx_hal_ospi.c:2926:26:OSPI_ConfigCmd	28	static
../Drivers/STM32L4xx_HAL_Driver/Src/stm32l4xx_hal_ospi.c:2899:26:OSPI_WaitFlagStateUntilTimeout	24	static
../Drivers/STM32L4xx_HAL_Driver/Src/stm32l4xx_hal_ospi.c:456:13:HAL_OSPI_MspInit	0	static
../Drivers/STM32L4xx_HAL_Driver/Src/stm32l4xx_hal_ospi.c:319:19:HAL_OSPI_Init	32	static
../Drivers/STM32L4xx_HAL_Driver/Src/stm32l4xx_hal_ospi.c:514:13:HAL_OSPI_MspDeInit	0	static
../Drivers/STM32L4xx_HAL_Driver/Src/stm32l4xx_hal_ospi.c:471:19:HAL_OSPI_DeInit	8	static
../Drivers/STM32L4xx_HAL_Driver/Src/stm32l4xx_hal_ospi.c:785:19:HAL_OSPI_Command	32	static
../Drivers/STM32L4xx_HAL_Driver/Src/stm32l4xx_hal_ospi.c:911:19:HAL_OSPI_Command_IT	24	static
../Drivers/STM32L4xx_HAL_Driver/Src/stm32l4xx_hal_ospi.c:1001:19:HAL_OSPI_HyperbusCfg	24	static
../Drivers/STM32L4xx_HAL_Driver/Src/stm32l4xx_hal_ospi.c:1048:19:HAL_OSPI_HyperbusCmd	24	static
../Drivers/STM32L4xx_HAL_Driver/Src/stm32l4xx_hal_ospi.c:1110:19:HAL_OSPI_Transmit	32	static
../Drivers/STM32L4xx_HAL_Driver/Src/stm32l4xx_hal_ospi.c:1185:19:HAL_OSPI_Receive	32	static
../Drivers/STM32L4xx_HAL_Driver/Src/stm32l4xx_hal_ospi.c:1278:19:HAL_OSPI_Transmit_IT	0	static
../Drivers/STM32L4xx_HAL_Driver/Src/stm32l4xx_hal_ospi.c:1328:19:HAL_OSPI_Receive_IT	12	static
../Drivers/STM32L4xx_HAL_Driver/Src/stm32l4xx_hal_ospi.c:1401:19:HAL_OSPI_Transmit_DMA	16	static
../Drivers/STM32L4xx_HAL_Driver/Src/stm32l4xx_hal_ospi.c:1524:19:HAL_OSPI_Receive_DMA	24	static
../Drivers/STM32L4xx_HAL_Driver/Src/stm32l4xx_hal_ospi.c:1663:19:HAL_OSPI_AutoPolling	40	static
../Drivers/STM32L4xx_HAL_Driver/Src/stm32l4xx_hal_ospi.c:1742:19:HAL_OSPI_AutoPolling_IT	32	static
../Drivers/STM32L4xx_HAL_Driver/Src/stm32l4xx_hal_ospi.c:1817:19:HAL_OSPI_MemoryMapped	24	static
../Drivers/STM32L4xx_HAL_Driver/Src/stm32l4xx_hal_ospi.c:1870:13:HAL_OSPI_ErrorCallback	0	static
../Drivers/STM32L4xx_HAL_Driver/Src/stm32l4xx_hal_ospi.c:1885:13:HAL_OSPI_AbortCpltCallback	0	static
../Drivers/STM32L4xx_HAL_Driver/Src/stm32l4xx_hal_ospi.c:2842:13:OSPI_DMAAbortCplt	8	static
../Drivers/STM32L4xx_HAL_Driver/Src/stm32l4xx_hal_ospi.c:1900:13:HAL_OSPI_FifoThresholdCallback	0	static
../Drivers/STM32L4xx_HAL_Driver/Src/stm32l4xx_hal_ospi.c:1915:13:HAL_OSPI_CmdCpltCallback	0	static
../Drivers/STM32L4xx_HAL_Driver/Src/stm32l4xx_hal_ospi.c:1930:13:HAL_OSPI_RxCpltCallback	0	static
../Drivers/STM32L4xx_HAL_Driver/Src/stm32l4xx_hal_ospi.c:1945:13:HAL_OSPI_TxCpltCallback	0	static
../Drivers/STM32L4xx_HAL_Driver/Src/stm32l4xx_hal_ospi.c:1960:13:HAL_OSPI_RxHalfCpltCallback	0	static
../Drivers/STM32L4xx_HAL_Driver/Src/stm32l4xx_hal_ospi.c:1975:13:HAL_OSPI_TxHalfCpltCallback	0	static
../Drivers/STM32L4xx_HAL_Driver/Src/stm32l4xx_hal_ospi.c:2782:13:OSPI_DMAHalfCplt	8	static
../Drivers/STM32L4xx_HAL_Driver/Src/stm32l4xx_hal_ospi.c:1990:13:HAL_OSPI_StatusMatchCallback	0	static
../Drivers/STM32L4xx_HAL_Driver/Src/stm32l4xx_hal_ospi.c:2005:13:HAL_OSPI_TimeOutCallback	0	static
../Drivers/STM32L4xx_HAL_Driver/Src/stm32l4xx_hal_ospi.c:554:6:HAL_OSPI_IRQHandler	16	static
../Drivers/STM32L4xx_HAL_Driver/Src/stm32l4xx_hal_ospi.c:2256:19:HAL_OSPI_Abort	24	static
../Drivers/STM32L4xx_HAL_Driver/Src/stm32l4xx_hal_ospi.c:2324:19:HAL_OSPI_Abort_IT	8	static
../Drivers/STM32L4xx_HAL_Driver/Src/stm32l4xx_hal_ospi.c:2810:13:OSPI_DMAError	8	static
../Drivers/STM32L4xx_HAL_Driver/Src/stm32l4xx_hal_ospi.c:2402:19:HAL_OSPI_SetFifoThreshold	0	static
../Drivers/STM32L4xx_HAL_Driver/Src/stm32l4xx_hal_ospi.c:2430:10:HAL_OSPI_GetFifoThreshold	0	static
../Drivers/STM32L4xx_HAL_Driver/Src/stm32l4xx_hal_ospi.c:2440:19:HAL_OSPI_SetTimeout	0	static
../Drivers/STM32L4xx_HAL_Driver/Src/stm32l4xx_hal_ospi.c:2451:10:HAL_OSPI_GetError	0	static
../Drivers/STM32L4xx_HAL_Driver/Src/stm32l4xx_hal_ospi.c:2461:10:HAL_OSPI_GetState	0	static
../Drivers/STM32L4xx_HAL_Driver/Src/stm32l4xx_hal_ospi.c:2493:19:HAL_OSPIM_Config	88	static
