../Drivers/STM32L4xx_HAL_Driver/Src/stm32l4xx_hal_dma2d.c:2125:13:DMA2D_SetConfig	20	static
../Drivers/STM32L4xx_HAL_Driver/Src/stm32l4xx_hal_dma2d.c:417:13:HAL_DMA2D_MspInit	0	static
../Drivers/STM32L4xx_HAL_Driver/Src/stm32l4xx_hal_dma2d.c:238:19:HAL_DMA2D_Init	8	static
../Drivers/STM32L4xx_HAL_Driver/Src/stm32l4xx_hal_dma2d.c:433:13:HAL_DMA2D_MspDeInit	0	static
../Drivers/STM32L4xx_HAL_Driver/Src/stm32l4xx_hal_dma2d.c:689:19:HAL_DMA2D_Start	24	static
../Drivers/STM32L4xx_HAL_Driver/Src/stm32l4xx_hal_dma2d.c:725:19:HAL_DMA2D_Start_IT	24	static
../Drivers/STM32L4xx_HAL_Driver/Src/stm32l4xx_hal_dma2d.c:762:19:HAL_DMA2D_BlendingStart	32	static
../Drivers/STM32L4xx_HAL_Driver/Src/stm32l4xx_hal_dma2d.c:825:19:HAL_DMA2D_BlendingStart_IT	32	static
../Drivers/STM32L4xx_HAL_Driver/Src/stm32l4xx_hal_dma2d.c:884:19:HAL_DMA2D_Abort	16	static
../Drivers/STM32L4xx_HAL_Driver/Src/stm32l4xx_hal_dma2d.c:933:19:HAL_DMA2D_Suspend	16	static
../Drivers/STM32L4xx_HAL_Driver/Src/stm32l4xx_hal_dma2d.c:982:19:HAL_DMA2D_Resume	0	static
../Drivers/STM32L4xx_HAL_Driver/Src/stm32l4xx_hal_dma2d.c:1010:19:HAL_DMA2D_EnableCLUT	0	static
../Drivers/STM32L4xx_HAL_Driver/Src/stm32l4xx_hal_dma2d.c:1046:19:HAL_DMA2D_CLUTStartLoad	8	static
../Drivers/STM32L4xx_HAL_Driver/Src/stm32l4xx_hal_dma2d.c:1101:19:HAL_DMA2D_CLUTStartLoad_IT	8	static
../Drivers/STM32L4xx_HAL_Driver/Src/stm32l4xx_hal_dma2d.c:1165:19:HAL_DMA2D_CLUTLoad	32	static
../Drivers/STM32L4xx_HAL_Driver/Src/stm32l4xx_hal_dma2d.c:1222:19:HAL_DMA2D_CLUTLoad_IT	32	static
../Drivers/STM32L4xx_HAL_Driver/Src/stm32l4xx_hal_dma2d.c:1280:19:HAL_DMA2D_CLUTLoading_Abort	16	static
../Drivers/STM32L4xx_HAL_Driver/Src/stm32l4xx_hal_dma2d.c:327:19:HAL_DMA2D_DeInit	16	static
../Drivers/STM32L4xx_HAL_Driver/Src/stm32l4xx_hal_dma2d.c:1337:19:HAL_DMA2D_CLUTLoading_Suspend	16	static
../Drivers/STM32L4xx_HAL_Driver/Src/stm32l4xx_hal_dma2d.c:1402:19:HAL_DMA2D_CLUTLoading_Resume	0	static
../Drivers/STM32L4xx_HAL_Driver/Src/stm32l4xx_hal_dma2d.c:1445:19:HAL_DMA2D_PollForTransfer	24	static
../Drivers/STM32L4xx_HAL_Driver/Src/stm32l4xx_hal_dma2d.c:1743:13:HAL_DMA2D_LineEventCallback	0	static
../Drivers/STM32L4xx_HAL_Driver/Src/stm32l4xx_hal_dma2d.c:1759:13:HAL_DMA2D_CLUTLoadingCpltCallback	0	static
../Drivers/STM32L4xx_HAL_Driver/Src/stm32l4xx_hal_dma2d.c:1573:6:HAL_DMA2D_IRQHandler	16	static
../Drivers/STM32L4xx_HAL_Driver/Src/stm32l4xx_hal_dma2d.c:1802:19:HAL_DMA2D_ConfigLayer	16	static
../Drivers/STM32L4xx_HAL_Driver/Src/stm32l4xx_hal_dma2d.c:1902:19:HAL_DMA2D_ConfigCLUT	32	static
../Drivers/STM32L4xx_HAL_Driver/Src/stm32l4xx_hal_dma2d.c:1956:19:HAL_DMA2D_ProgramLineEvent	0	static
../Drivers/STM32L4xx_HAL_Driver/Src/stm32l4xx_hal_dma2d.c:1992:19:HAL_DMA2D_EnableDeadTime	0	static
../Drivers/STM32L4xx_HAL_Driver/Src/stm32l4xx_hal_dma2d.c:2015:19:HAL_DMA2D_DisableDeadTime	0	static
../Drivers/STM32L4xx_HAL_Driver/Src/stm32l4xx_hal_dma2d.c:2041:19:HAL_DMA2D_ConfigDeadTime	0	static
../Drivers/STM32L4xx_HAL_Driver/Src/stm32l4xx_hal_dma2d.c:2086:24:HAL_DMA2D_GetState	0	static
../Drivers/STM32L4xx_HAL_Driver/Src/stm32l4xx_hal_dma2d.c:2097:10:HAL_DMA2D_GetError	0	static
