../TouchGFX_App/gui/include/gui/model/ModelListener.hpp:20:18:virtual void ModelListener::systemStateChanged()	0	static
../TouchGFX_App/gui/include/gui/menulayer1_screen/MenuLayer1Presenter.hpp:29:13:MenuLayer1Presenter::~MenuLayer1Presenter()	0	static
../TouchGFX_App/gui/src/menulayer1_screen/MenuLayer1Presenter.cpp:10:6:virtual void MenuLayer1Presenter::activate()	0	static
../TouchGFX_App/gui/include/gui/menulayer1_screen/MenuLayer1Presenter.hpp:29:13:virtual MenuLayer1Presenter::~MenuLayer1Presenter()	8	static
../TouchGFX_App/gui/include/gui/menulayer1_screen/MenuLayer1Presenter.hpp:29:13:virtual void* MenuLayer1Presenter::_ZThn4_N19MenuLayer1PresenterD1Ev()	0	static
../TouchGFX_App/gui/src/menulayer1_screen/MenuLayer1Presenter.cpp:4:1:MenuLayer1Presenter::MenuLayer1Presenter(MenuLayer1View&)	0	static
../TouchGFX_App/gui/src/menulayer1_screen/MenuLayer1Presenter.cpp:20:6:void MenuLayer1Presenter::menuItemSelected(uint8_t)	8	static
../TouchGFX_App/gui/src/menulayer1_screen/MenuLayer1Presenter.cpp:26:9:uint8_t MenuLayer1Presenter::getCategoryCount()	0	static
../TouchGFX_App/gui/src/menulayer1_screen/MenuLayer1Presenter.cpp:31:15:MenuCategory* MenuLayer1Presenter::getMenuCategories()	0	static
