../TouchGfx_App/touchgfx/framework/include/touchgfx/Screen.hpp:104:18:virtual void touchgfx::Screen::afterTransition()	0	static
../TouchGfx_App/touchgfx/framework/include/touchgfx/Screen.hpp:144:18:virtual void touchgfx::Screen::handleTickEvent()	0	static
../TouchGFX_App/gui/src/menulayer1_screen/MenuLayer1View.cpp:30:6:virtual void MenuLayer1View::tearDownScreen()	0	static
../TouchGFX_App/gui/src/menulayer1_screen/MenuLayer1View.cpp:35:6:virtual void MenuLayer1View::buttonHandler(uint8_t)	16	static
../TouchGFX_App/gui/src/menulayer1_screen/MenuLayer1View.cpp:125:6:virtual void MenuLayer1View::handleEnterButton()	0	static
../TouchGFX_App/gui/include/gui/menulayer1_screen/MenuLayer1View.hpp:13:13:MenuLayer1View::~MenuLayer1View()	16	static
../TouchGFX_App/gui/include/gui/menulayer1_screen/MenuLayer1View.hpp:13:13:virtual MenuLayer1View::~MenuLayer1View()	8	static
../TouchGFX_App/gui/src/menulayer1_screen/MenuLayer1View.cpp:15:1:MenuLayer1View::MenuLayer1View()	16	static
../TouchGFX_App/gui/src/menulayer1_screen/MenuLayer1View.cpp:64:6:void MenuLayer1View::initializeMenuItems()	32	static
../TouchGFX_App/gui/src/menulayer1_screen/MenuLayer1View.cpp:75:6:void MenuLayer1View::updateMenuDisplay()	24	static
../TouchGFX_App/gui/src/menulayer1_screen/MenuLayer1View.cpp:97:6:virtual void MenuLayer1View::handleUpButton()	0	static
../TouchGFX_App/gui/src/menulayer1_screen/MenuLayer1View.cpp:111:6:virtual void MenuLayer1View::handleDownButton()	0	static
../TouchGFX_App/gui/src/menulayer1_screen/MenuLayer1View.cpp:130:6:void MenuLayer1View::handleHomeButton()	8	static
../TouchGFX_App/gui/src/menulayer1_screen/MenuLayer1View.cpp:23:6:virtual void MenuLayer1View::setupScreen()	8	static
