../TouchGfx_App/touchgfx/framework/include/touchgfx/Application.hpp:72:18:virtual void touchgfx::Application::changeToStartScreen()	0	static
../TouchGfx_App/touchgfx/framework/include/touchgfx/Application.hpp:91:18:virtual void touchgfx::Application::appSwitchScreen(uint8_t)	0	static
../TouchGfx_App/touchgfx/framework/include/touchgfx/Application.hpp:104:18:virtual void touchgfx::Application::requestRedraw(touchgfx::Rect&)	0	static
../TouchGfx_App/touchgfx/framework/include/touchgfx/transitions/Transition.hpp:72:18:virtual void touchgfx::Transition::tearDown()	0	static
../TouchGfx_App/touchgfx/framework/include/touchgfx/transitions/Transition.hpp:80:18:virtual void touchgfx::Transition::init()	0	static
../TouchGfx_App/touchgfx/framework/include/touchgfx/transitions/Transition.hpp:100:18:virtual void touchgfx::Transition::setScreenContainer(touchgfx::Container&)	0	static
../TouchGfx_App/touchgfx/framework/include/mvp/MVPApplication.hpp:43:7:touchgfx::MVPApplication::~MVPApplication()	0	static
../TouchGfx_App/touchgfx/framework/include/touchgfx/Callback.hpp:424:8:touchgfx::Callback<FrontendApplicationBase>::~Callback()	0	static
../TouchGFX_App/generated/gui_generated/include/gui_generated/common/FrontendApplicationBase.hpp:16:13:FrontendApplicationBase::~FrontendApplicationBase()	0	static
../TouchGFX_App/generated/gui_generated/include/gui_generated/common/FrontendApplicationBase.hpp:18:18:virtual void FrontendApplicationBase::changeToStartScreen()	0	static
../TouchGfx_App/touchgfx/framework/include/touchgfx/transitions/NoTransition.hpp:35:18:virtual void touchgfx::NoTransition::handleTickEvent()	0	static
../TouchGfx_App/touchgfx/framework/include/touchgfx/transitions/NoTransition.hpp:31:7:touchgfx::NoTransition::~NoTransition()	0	static
../TouchGfx_App/touchgfx/framework/include/touchgfx/Callback.hpp:449:18:void touchgfx::Callback<dest_type, void, void, void>::execute() [with dest_type = FrontendApplicationBase]	4	static
../TouchGfx_App/touchgfx/framework/include/touchgfx/Callback.hpp:459:18:bool touchgfx::Callback<dest_type, void, void, void>::isValid() const [with dest_type = FrontendApplicationBase]	0	static
../TouchGfx_App/touchgfx/framework/include/touchgfx/transitions/NoTransition.hpp:31:7:virtual touchgfx::NoTransition::~NoTransition()	8	static
../TouchGfx_App/touchgfx/framework/include/touchgfx/Callback.hpp:424:8:virtual touchgfx::Callback<FrontendApplicationBase>::~Callback()	8	static
../TouchGfx_App/touchgfx/framework/include/mvp/MVPApplication.hpp:43:7:virtual touchgfx::MVPApplication::~MVPApplication()	8	static
../TouchGFX_App/generated/gui_generated/include/gui_generated/common/FrontendApplicationBase.hpp:16:13:virtual FrontendApplicationBase::~FrontendApplicationBase()	8	static
../TouchGfx_App/touchgfx/framework/include/touchgfx/transitions/Transition.hpp:89:18:virtual void touchgfx::Transition::invalidate()	8	static
../TouchGfx_App/touchgfx/framework/include/mvp/MVPApplication.hpp:59:18:virtual void touchgfx::MVPApplication::handlePendingScreenTransition()	8	static
../TouchGfx_App/touchgfx/framework/include/touchgfx/hal/HAL.hpp:268:17:static touchgfx::LCD& touchgfx::HAL::lcd()	0	static
../TouchGFX_App/generated/gui_generated/src/common/FrontendApplicationBase.cpp:33:1:FrontendApplicationBase::FrontendApplicationBase(Model&, FrontendHeap&)	24	static
../TouchGFX_App/generated/gui_generated/src/common/FrontendApplicationBase.cpp:51:6:void FrontendApplicationBase::gotoScreenTrailerScreenNoTransition()	0	static
../TouchGFX_App/generated/gui_generated/src/common/FrontendApplicationBase.cpp:64:6:void FrontendApplicationBase::gotoScreenTestHomeScreenNoTransition()	0	static
../TouchGFX_App/generated/gui_generated/src/common/FrontendApplicationBase.cpp:77:6:void FrontendApplicationBase::gotoScreenOutputsTestScreenNoTransition()	0	static
../TouchGFX_App/generated/gui_generated/src/common/FrontendApplicationBase.cpp:90:6:void FrontendApplicationBase::gotoScreenLCDtestScreenNoTransition()	0	static
../TouchGFX_App/generated/gui_generated/src/common/FrontendApplicationBase.cpp:103:6:void FrontendApplicationBase::gotoMenuLayer1ScreenNoTransition()	0	static
../TouchGFX_App/generated/gui_generated/src/common/FrontendApplicationBase.cpp:116:6:void FrontendApplicationBase::gotoMenuLayer2ScreenNoTransition()	0	static
../TouchGFX_App/generated/gui_generated/src/common/FrontendApplicationBase.cpp:129:6:void FrontendApplicationBase::gotoMenuLayer3ScreenNoTransition()	0	static
../TouchGFX_App/generated/gui_generated/src/common/FrontendApplicationBase.cpp:142:6:void FrontendApplicationBase::gotoDiagnosticScreenNoTransition()	0	static
../TouchGFX_App/generated/gui_generated/src/common/FrontendApplicationBase.cpp:155:6:void FrontendApplicationBase::gotoPasswordEntryScreenNoTransition()	0	static
../TouchGfx_App/touchgfx/framework/include/common/AbstractPartition.hpp:135:8:T& touchgfx::AbstractPartition::at(uint16_t) [with T = touchgfx::NoTransition]	0	static
../TouchGFX_App/generated/gui_generated/src/common/FrontendApplicationBase.cpp:161:6:void FrontendApplicationBase::gotoPasswordEntryScreenNoTransitionImpl()	40	static
../TouchGFX_App/generated/gui_generated/src/common/FrontendApplicationBase.cpp:148:6:void FrontendApplicationBase::gotoDiagnosticScreenNoTransitionImpl()	40	static
../TouchGFX_App/generated/gui_generated/src/common/FrontendApplicationBase.cpp:135:6:void FrontendApplicationBase::gotoMenuLayer3ScreenNoTransitionImpl()	40	static
../TouchGFX_App/generated/gui_generated/src/common/FrontendApplicationBase.cpp:122:6:void FrontendApplicationBase::gotoMenuLayer2ScreenNoTransitionImpl()	40	static
../TouchGFX_App/generated/gui_generated/src/common/FrontendApplicationBase.cpp:109:6:void FrontendApplicationBase::gotoMenuLayer1ScreenNoTransitionImpl()	40	static
../TouchGFX_App/generated/gui_generated/src/common/FrontendApplicationBase.cpp:96:6:void FrontendApplicationBase::gotoScreenLCDtestScreenNoTransitionImpl()	40	static
../TouchGFX_App/generated/gui_generated/src/common/FrontendApplicationBase.cpp:83:6:void FrontendApplicationBase::gotoScreenOutputsTestScreenNoTransitionImpl()	40	static
../TouchGFX_App/generated/gui_generated/src/common/FrontendApplicationBase.cpp:70:6:void FrontendApplicationBase::gotoScreenTestHomeScreenNoTransitionImpl()	40	static
../TouchGFX_App/generated/gui_generated/src/common/FrontendApplicationBase.cpp:57:6:void FrontendApplicationBase::gotoScreenTrailerScreenNoTransitionImpl()	40	static
