../TouchGFX_App/gui/include/gui/model/ModelListener.hpp:20:18:virtual void ModelListener::systemStateChanged()	0	static
../TouchGFX_App/gui/include/gui/screenoutputstest_screen/ScreenOutputsTestPresenter.hpp:30:13:ScreenOutputsTestPresenter::~ScreenOutputsTestPresenter()	0	static
../TouchGFX_App/gui/src/screenoutputstest_screen/ScreenOutputsTestPresenter.cpp:10:6:virtual void ScreenOutputsTestPresenter::activate()	0	static
../TouchGFX_App/gui/include/gui/screenoutputstest_screen/ScreenOutputsTestPresenter.hpp:30:13:virtual ScreenOutputsTestPresenter::~ScreenOutputsTestPresenter()	8	static
../TouchGFX_App/gui/include/gui/screenoutputstest_screen/ScreenOutputsTestPresenter.hpp:30:13:virtual void* ScreenOutputsTestPresenter::_ZThn4_N26ScreenOutputsTestPresenterD1Ev()	0	static
../TouchGFX_App/gui/src/screenoutputstest_screen/ScreenOutputsTestPresenter.cpp:4:1:ScreenOutputsTestPresenter::ScreenOutputsTestPresenter(ScreenOutputsTestView&)	0	static
