../TouchGfx_App/touchgfx/framework/include/touchgfx/Drawable.hpp:147:23:virtual touchgfx::Drawable* touchgfx::Drawable::getFirstChild()	0	static
../TouchGfx_App/touchgfx/framework/include/touchgfx/Drawable.hpp:315:18:virtual void touchgfx::Drawable::setX(int16_t)	0	static
../TouchGfx_App/touchgfx/framework/include/touchgfx/Drawable.hpp:327:18:virtual void touchgfx::Drawable::setY(int16_t)	0	static
../TouchGfx_App/touchgfx/framework/include/touchgfx/Drawable.hpp:356:18:virtual void touchgfx::Drawable::setWidth(int16_t)	0	static
../TouchGfx_App/touchgfx/framework/include/touchgfx/Drawable.hpp:368:18:virtual void touchgfx::Drawable::setHeight(int16_t)	0	static
../TouchGfx_App/touchgfx/framework/include/touchgfx/Drawable.hpp:378:18:virtual void touchgfx::Drawable::childGeometryChanged()	0	static
../TouchGfx_App/touchgfx/framework/include/touchgfx/Drawable.hpp:389:18:virtual void touchgfx::Drawable::handleClickEvent(const touchgfx::ClickEvent&)	0	static
../TouchGfx_App/touchgfx/framework/include/touchgfx/Drawable.hpp:401:18:virtual void touchgfx::Drawable::handleGestureEvent(const touchgfx::GestureEvent&)	0	static
../TouchGfx_App/touchgfx/framework/include/touchgfx/Drawable.hpp:490:18:virtual void touchgfx::Drawable::handleDragEvent(const touchgfx::DragEvent&)	0	static
../TouchGfx_App/touchgfx/framework/include/touchgfx/Drawable.hpp:501:18:virtual void touchgfx::Drawable::handleTickEvent()	0	static
../TouchGfx_App/touchgfx/framework/include/touchgfx/Drawable.hpp:588:18:virtual void touchgfx::Drawable::moveTo(int16_t, int16_t)	4	static
../TouchGfx_App/touchgfx/framework/include/touchgfx/Drawable.hpp:703:18:virtual void touchgfx::Drawable::setupDrawChain(const touchgfx::Rect&, touchgfx::Drawable**)	0	static
../TouchGfx_App/touchgfx/framework/include/touchgfx/Screen.hpp:93:18:virtual void touchgfx::Screen::setupScreen()	0	static
../TouchGfx_App/touchgfx/framework/include/touchgfx/Screen.hpp:104:18:virtual void touchgfx::Screen::afterTransition()	0	static
../TouchGfx_App/touchgfx/framework/include/touchgfx/Screen.hpp:115:18:virtual void touchgfx::Screen::tearDownScreen()	0	static
../TouchGfx_App/touchgfx/framework/include/touchgfx/Screen.hpp:144:18:virtual void touchgfx::Screen::handleTickEvent()	0	static
../TouchGfx_App/touchgfx/framework/include/touchgfx/Screen.hpp:154:18:virtual void touchgfx::Screen::handleKeyEvent(uint8_t)	0	static
../TouchGfx_App/touchgfx/framework/include/touchgfx/TypedText.hpp:65:13:touchgfx::TypedText::~TypedText()	0	static
../TouchGfx_App/touchgfx/framework/include/touchgfx/widgets/TextArea.hpp:48:18:virtual void touchgfx::TextArea::setWidth(int16_t)	32	static
../TouchGfx_App/touchgfx/framework/include/touchgfx/widgets/TextArea.hpp:54:18:virtual void touchgfx::TextArea::setHeight(int16_t)	32	static
../TouchGfx_App/touchgfx/framework/include/touchgfx/widgets/TextArea.hpp:60:18:virtual touchgfx::Rect touchgfx::TextArea::getSolidRect() const	0	static
../TouchGfx_App/touchgfx/framework/include/touchgfx/widgets/TextArea.hpp:89:18:virtual void touchgfx::TextArea::setAlpha(uint8_t)	0	static
../TouchGfx_App/touchgfx/framework/include/touchgfx/widgets/TextArea.hpp:127:18:virtual void touchgfx::TextArea::setXBaselineY(int16_t, int16_t)	16	static
../TouchGfx_App/touchgfx/framework/include/touchgfx/widgets/TextArea.hpp:403:41:virtual const touchgfx::Unicode::UnicodeChar* touchgfx::TextArea::getWildcard2() const	0	static
../TouchGfx_App/touchgfx/framework/include/touchgfx/widgets/TextAreaWithWildcard.hpp:84:41:virtual const touchgfx::Unicode::UnicodeChar* touchgfx::TextAreaWithOneWildcard::getWildcard1() const	0	static
../TouchGFX_App/generated/gui_generated/include/gui_generated/screentesthome_screen/ScreenTestHomeViewBase.hpp:30:18:virtual void ScreenTestHomeViewBase::buttonHandler(uint8_t)	0	static
../TouchGFX_App/generated/gui_generated/include/gui_generated/screentesthome_screen/ScreenTestHomeViewBase.hpp:35:18:virtual void ScreenTestHomeViewBase::GoToCANtestScreen()	0	static
../TouchGFX_App/generated/gui_generated/include/gui_generated/screentesthome_screen/ScreenTestHomeViewBase.hpp:40:18:virtual void ScreenTestHomeViewBase::GoToInputsTestScreen()	0	static
../TouchGFX_App/generated/gui_generated/include/gui_generated/screentesthome_screen/ScreenTestHomeViewBase.hpp:52:18:virtual void ScreenTestHomeViewBase::navigateBasedOnVehicleType()	0	static
../TouchGfx_App/touchgfx/framework/include/mvp/View.hpp:36:7:touchgfx::View<ScreenTestHomePresenter>::~View()	0	static
../TouchGfx_App/touchgfx/framework/include/touchgfx/widgets/TextAreaWithWildcard.hpp:62:7:touchgfx::TextAreaWithOneWildcard::~TextAreaWithOneWildcard()	0	static
../TouchGFX_App/generated/gui_generated/src/screentesthome_screen/ScreenTestHomeViewBase.cpp:186:1:ScreenTestHomeViewBase::~ScreenTestHomeViewBase()	0	static
../TouchGFX_App/generated/gui_generated/src/screentesthome_screen/ScreenTestHomeViewBase.cpp:191:6:virtual void ScreenTestHomeViewBase::setupScreen()	0	static
../TouchGfx_App/touchgfx/framework/include/touchgfx/TypedText.hpp:65:13:virtual touchgfx::TypedText::~TypedText()	8	static
../TouchGfx_App/touchgfx/framework/include/mvp/View.hpp:36:7:virtual touchgfx::View<ScreenTestHomePresenter>::~View()	8	static
../TouchGfx_App/touchgfx/framework/include/touchgfx/widgets/TextAreaWithWildcard.hpp:62:7:virtual touchgfx::TextAreaWithOneWildcard::~TextAreaWithOneWildcard()	8	static
../TouchGFX_App/generated/gui_generated/src/screentesthome_screen/ScreenTestHomeViewBase.cpp:186:1:virtual ScreenTestHomeViewBase::~ScreenTestHomeViewBase()	8	static
../TouchGFX_App/generated/gui_generated/src/screentesthome_screen/ScreenTestHomeViewBase.cpp:196:6:virtual void ScreenTestHomeViewBase::handleKeyEvent(uint8_t)	8	static
../TouchGFX_App/generated/gui_generated/src/screentesthome_screen/ScreenTestHomeViewBase.cpp:253:6:virtual void ScreenTestHomeViewBase::GoToOutputsTestScreen()	8	static
../TouchGFX_App/generated/gui_generated/src/screentesthome_screen/ScreenTestHomeViewBase.cpp:261:6:virtual void ScreenTestHomeViewBase::GoToHomeScreen()	8	static
../TouchGFX_App/generated/gui_generated/src/screentesthome_screen/ScreenTestHomeViewBase.cpp:269:6:virtual void ScreenTestHomeViewBase::GoToLCDtestScreen()	8	static
../TouchGfx_App/touchgfx/framework/include/touchgfx/Drawable.hpp:121:18:virtual void touchgfx::Drawable::invalidateContent() const	0	static
../TouchGfx_App/touchgfx/framework/include/touchgfx/widgets/TextAreaWithWildcard.hpp:43:18:virtual void touchgfx::TextAreaWithWildcardBase::invalidateContent() const	8	static
../TouchGfx_App/touchgfx/framework/include/touchgfx/widgets/Widget.hpp:45:18:virtual void touchgfx::Widget::getLastChild(int16_t, int16_t, touchgfx::Drawable**)	0	static
../TouchGfx_App/touchgfx/framework/include/touchgfx/widgets/TextArea.hpp:111:18:virtual void touchgfx::TextArea::setBaselineY(int16_t)	16	static
../TouchGfx_App/touchgfx/framework/include/touchgfx/Drawable.hpp:343:10:void touchgfx::Drawable::setXY(int16_t, int16_t)	16	static
../TouchGfx_App/touchgfx/framework/include/touchgfx/Drawable.hpp:233:10:void touchgfx::Drawable::setPosition(int16_t, int16_t, int16_t, int16_t)	16	static
../TouchGfx_App/touchgfx/framework/include/touchgfx/widgets/Widget.hpp:36:7:touchgfx::Widget::Widget()	0	static
../TouchGfx_App/touchgfx/framework/include/touchgfx/widgets/Box.hpp:33:5:touchgfx::Box::Box()	8	static
../TouchGfx_App/touchgfx/framework/include/touchgfx/widgets/TextArea.hpp:429:9:touchgfx::TextArea::BoundingArea::BoundingArea()	0	static
../TouchGfx_App/touchgfx/framework/include/touchgfx/widgets/TextArea.hpp:43:5:touchgfx::TextArea::TextArea()	8	static
../TouchGfx_App/touchgfx/framework/include/touchgfx/widgets/TextAreaWithWildcard.hpp:49:36:virtual touchgfx::TextArea::BoundingArea touchgfx::TextAreaWithWildcardBase::calculateBoundingArea() const	8	static
../TouchGfx_App/touchgfx/framework/include/touchgfx/widgets/TextAreaWithWildcard.hpp:65:5:touchgfx::TextAreaWithOneWildcard::TextAreaWithOneWildcard()	8	static
../TouchGfx_App/touchgfx/framework/include/touchgfx/widgets/Image.hpp:50:5:touchgfx::Image::Image(const touchgfx::Bitmap&)	16	static
../TouchGfx_App/touchgfx/framework/include/touchgfx/widgets/Button.hpp:34:5:touchgfx::Button::Button()	8	static
../TouchGFX_App/generated/gui_generated/src/screentesthome_screen/ScreenTestHomeViewBase.cpp:9:1:ScreenTestHomeViewBase::ScreenTestHomeViewBase()	192	static
