../TouchGFX_App/gui/include/gui/model/ModelListener.hpp:20:18:virtual void ModelListener::systemStateChanged()	0	static
../TouchGFX_App/gui/include/gui/menulayer2_screen/MenuLayer2Presenter.hpp:29:13:MenuLayer2Presenter::~MenuLayer2Presenter()	0	static
../TouchGFX_App/gui/src/menulayer2_screen/MenuLayer2Presenter.cpp:10:6:virtual void MenuLayer2Presenter::activate()	0	static
../TouchGFX_App/gui/include/gui/menulayer2_screen/MenuLayer2Presenter.hpp:29:13:virtual MenuLayer2Presenter::~MenuLayer2Presenter()	8	static
../TouchGFX_App/gui/include/gui/menulayer2_screen/MenuLayer2Presenter.hpp:29:13:virtual void* MenuLayer2Presenter::_ZThn4_N19MenuLayer2PresenterD1Ev()	0	static
../TouchGFX_App/gui/src/menulayer2_screen/MenuLayer2Presenter.cpp:4:1:MenuLayer2Presenter::MenuLayer2Presenter(MenuLayer2View&)	0	static
../TouchGFX_App/gui/src/menulayer2_screen/MenuLayer2Presenter.cpp:20:6:void MenuLayer2Presenter::subMenuItemSelected(uint8_t)	8	static
../TouchGFX_App/gui/src/menulayer2_screen/MenuLayer2Presenter.cpp:26:15:MenuCategory* MenuLayer2Presenter::getCurrentCategory()	0	static
