../TouchGFX_App/gui/src/model/Model.cpp:83:6:void Model::initializeMenuData()	12	static
../TouchGFX_App/gui/src/model/Model.cpp:91:6:void Model::initializeSystemState()	0	static
../TouchGFX_App/gui/src/model/Model.cpp:76:1:Model::Model()	8	static
../TouchGFX_App/gui/src/model/Model.cpp:107:14:MenuSubItem* Model::getCurrentSubItem()	0	static
../TouchGFX_App/gui/src/model/Model.cpp:169:6:void Model::updateAlarmState()	0	static
../TouchGFX_App/gui/src/model/Model.cpp:183:6:bool Model::isAlarmActive() const	0	static
../TouchGFX_App/gui/src/model/Model.cpp:189:13:const char* Model::getAlarmTitle() const	0	static
../TouchGFX_App/gui/src/model/Model.cpp:204:13:const char* Model::getAlarmDescription() const	0	static
../TouchGFX_App/gui/src/model/Model.cpp:219:6:void Model::processTruckStatus()	0	static
../TouchGFX_App/gui/src/model/Model.cpp:251:6:void Model::processTrailerStatus()	0	static
../TouchGFX_App/gui/src/model/Model.cpp:284:6:void Model::processErrorConditions()	0	static
../TouchGFX_App/gui/src/model/Model.cpp:309:6:void Model::updateFlashingStates()	8	static
../TouchGFX_App/gui/src/model/Model.cpp:325:6:void Model::processRollData()	0	static
../TouchGFX_App/gui/src/model/Model.cpp:349:6:void Model::processPTOStatus()	0	static
../TouchGFX_App/gui/src/model/Model.cpp:363:6:void Model::notifyStateChanged()	8	static
../TouchGFX_App/gui/src/model/Model.cpp:373:19:Model::TruckState Model::getTruckState() const	0	static
../TouchGFX_App/gui/src/model/Model.cpp:378:19:Model::ErrorState Model::getErrorState() const	0	static
../TouchGFX_App/gui/src/model/Model.cpp:383:21:Model::TrailerState Model::getTrailerState() const	0	static
../TouchGFX_App/gui/src/model/Model.cpp:388:6:bool Model::getFlashState() const	0	static
../TouchGFX_App/gui/src/model/Model.cpp:393:9:int16_t Model::getRollValue() const	0	static
../TouchGFX_App/gui/src/model/Model.cpp:398:6:bool Model::isRollValid() const	0	static
../TouchGFX_App/gui/src/model/Model.cpp:403:6:bool Model::isPTOActive() const	0	static
../TouchGFX_App/gui/src/model/Model.cpp:408:6:bool Model::isPTOValid() const	0	static
../TouchGFX_App/gui/src/model/Model.cpp:413:10:uint16_t Model::getTruckPressure() const	0	static
../TouchGFX_App/gui/src/model/Model.cpp:418:10:uint16_t Model::getTrailerPressure() const	0	static
../TouchGFX_App/gui/src/model/Model.cpp:423:13:const char* Model::getErrorMessage() const	0	static
../TouchGFX_App/gui/src/model/Model.cpp:453:13:const char* Model::getTrailerStateMessage() const	0	static
../TouchGFX_App/gui/src/model/Model.cpp:466:10:uint16_t Model::getTruckStateBitmapId() const	0	static
../TouchGFX_App/gui/src/model/Model.cpp:479:10:uint16_t Model::getTrailerStateBitmapId() const	0	static
../TouchGFX_App/gui/src/model/Model.cpp:493:6:void Model::syncMenuItemsToConfig()	0	static
../TouchGFX_App/gui/src/model/Model.cpp:118:6:void Model::saveCurrentValue(int32_t)	16	static
../TouchGFX_App/gui/src/model/Model.cpp:128:6:void Model::saveCurrentEnumSelection(uint8_t)	16	static
../TouchGFX_App/gui/src/model/Model.cpp:528:6:void Model::saveSettingsToFile()	0	static
../TouchGFX_App/gui/src/model/Model.cpp:534:6:void Model::loadSettingsFromConfig()	0	static
../TouchGFX_App/gui/src/model/Model.cpp:522:6:void Model::loadSettingsFromStorage()	8	static
../TouchGFX_App/gui/src/model/Model.cpp:138:6:void Model::tick()	8	static
../TouchGFX_App/gui/src/model/Model.cpp:563:6:void Model::bind(void*)	0	static
../TouchGFX_App/gui/src/model/Model.cpp:567:9:int32_t Model::constrain(int32_t, int32_t, int32_t)	0	static
../TouchGFX_App/gui/src/model/Model.cpp:574:13:const char* Model::getButtonFeedbackMessage(uint8_t, bool) const	0	static
../TouchGFX_App/gui/src/model/Model.cpp:636:13:const char* Model::getTrailerButtonFeedbackMessage(uint8_t, bool) const	0	static
../TouchGFX_App/gui/src/model/Model.cpp:696:10:uint16_t Model::getTruckOverloadSetpoint() const	0	static
