../TouchGFX_App/gui/include/gui/model/ModelListener.hpp:20:18:virtual void ModelListener::systemStateChanged()	0	static
../TouchGFX_App/gui/include/gui/screenlcdtest_screen/ScreenLCDtestPresenter.hpp:30:13:ScreenLCDtestPresenter::~ScreenLCDtestPresenter()	0	static
../TouchGFX_App/gui/src/screenlcdtest_screen/ScreenLCDtestPresenter.cpp:10:6:virtual void ScreenLCDtestPresenter::activate()	0	static
../TouchGFX_App/gui/include/gui/screenlcdtest_screen/ScreenLCDtestPresenter.hpp:30:13:virtual ScreenLCDtestPresenter::~ScreenLCDtestPresenter()	8	static
../TouchGFX_App/gui/include/gui/screenlcdtest_screen/ScreenLCDtestPresenter.hpp:30:13:virtual void* ScreenLCDtestPresenter::_ZThn4_N22ScreenLCDtestPresenterD1Ev()	0	static
../TouchGFX_App/gui/src/screenlcdtest_screen/ScreenLCDtestPresenter.cpp:4:1:ScreenLCDtestPresenter::ScreenLCDtestPresenter(ScreenLCDtestView&)	0	static
