../TouchGfx_App/touchgfx/framework/include/touchgfx/Screen.hpp:104:18:virtual void touchgfx::Screen::afterTransition()	0	static
../TouchGFX_App/gui/src/screenlcdtest_screen/ScreenLCDtestView.cpp:19:6:virtual void ScreenLCDtestView::tearDownScreen()	0	static
../TouchGFX_App/gui/include/gui/screenlcdtest_screen/ScreenLCDtestView.hpp:18:13:ScreenLCDtestView::~ScreenLCDtestView()	8	static
../TouchGFX_App/gui/include/gui/screenlcdtest_screen/ScreenLCDtestView.hpp:18:13:virtual ScreenLCDtestView::~ScreenLCDtestView()	8	static
../TouchGFX_App/gui/src/screenlcdtest_screen/ScreenLCDtestView.cpp:3:1:ScreenLCDtestView::ScreenLCDtestView()	8	static
../TouchGFX_App/gui/src/screenlcdtest_screen/ScreenLCDtestView.cpp:14:6:virtual void ScreenLCDtestView::setupScreen()	0	static
../TouchGFX_App/gui/src/screenlcdtest_screen/ScreenLCDtestView.cpp:27:6:virtual void ScreenLCDtestView::buttonHandler(uint8_t)	16	static
../TouchGFX_App/gui/src/screenlcdtest_screen/ScreenLCDtestView.cpp:55:6:virtual void ScreenLCDtestView::handleTickEvent()	16	static
