../BSP/Src/fs_layer.c:123:12:_syncFS	0	static
../BSP/Src/fs_layer.c:87:12:_eraseBlock	8	static
../BSP/Src/fs_layer.c:69:12:_programBlock	16	static
../BSP/Src/fs_layer.c:48:12:_readBlock	16	static
../BSP/Src/fs_layer.c:103:12:_eraseFS.constprop	16	static
../BSP/Src/fs_layer.c:234:8:FS_getFS	0	static
../BSP/Src/fs_layer.c:242:13:FS_getFSConfig	0	static
../BSP/Src/fs_layer.c:453:6:FS_setUSBMountStatus	0	static
../BSP/Src/fs_layer.c:462:6:FS_getUSBMountStatus	0	static
../BSP/Src/fs_layer.c:472:5:FS_mkdir	0	static
../BSP/Src/fs_layer.c:483:5:FS_mv	0	static
../BSP/Src/fs_layer.c:492:5:FS_mount	8	static
../BSP/Src/fs_layer.c:195:5:FS_Init	0	static
../BSP/Src/fs_layer.c:523:5:FS_umount	8	static
../BSP/Src/fs_layer.c:173:12:_checkForCorruptFS	8	static
../BSP/Src/fs_layer.c:252:5:FS_copyFileToFatfs	4616	static
../BSP/Src/fs_layer.c:357:5:FS_copyFileToFlash	4608	static
../BSP/Src/fs_layer.c:543:5:FS_format	0	static
../BSP/Src/fs_layer.c:554:5:FS_rm	1112	static
../BSP/Src/fs_layer.c:666:5:FS_read	280	static
../BSP/Src/fs_layer.c:711:5:FS_ls	336	static
../BSP/Src/fs_layer.c:760:9:FS_fileSize	280	static
../BSP/Src/fs_layer.c:799:9:FS_size	0	static
../BSP/Src/fs_layer.c:808:9:FS_free	8	static
../BSP/Src/fs_layer.c:584:5:FS_write	288	static
../BSP/Src/fs_layer.c:654:5:FS_writeStr	16	static
../BSP/Src/fs_layer.c:827:6:FS_isReady	16	static
../BSP/Src/fs_layer.c:844:5:FS_eraseFs	0	static
