../Core/Src/main.c:1172:6:StartDefaultTask	8	static
../Core/Src/main.c:1231:6:StartTouchGfx	8	static
../Core/Src/main.c:274:6:SystemClock_Config	96	static,ignoring_inline_asm
../Core/Src/main.c:334:6:PeriphCommonClock_Config	160	static,ignoring_inline_asm
../Core/Src/main.c:154:5:main	120	static,ignoring_inline_asm
../Core/Src/main.c:1140:5:__io_putchar	16	static
../Core/Src/main.c:1151:13:FreqInCallback	8	static
../Core/Src/main.c:1254:6:HAL_TIM_PeriodElapsedCallback	0	static
../Core/Src/main.c:1283:6:Error_Handler	0	static,ignoring_inline_asm
