../TouchGfx_App/touchgfx/framework/include/touchgfx/Drawable.hpp:315:18:virtual void touchgfx::Drawable::setX(int16_t)	0	static
../TouchGfx_App/touchgfx/framework/include/touchgfx/Drawable.hpp:327:18:virtual void touchgfx::Drawable::setY(int16_t)	0	static
../TouchGfx_App/touchgfx/framework/include/touchgfx/Drawable.hpp:356:18:virtual void touchgfx::Drawable::setWidth(int16_t)	0	static
../TouchGfx_App/touchgfx/framework/include/touchgfx/Drawable.hpp:368:18:virtual void touchgfx::Drawable::setHeight(int16_t)	0	static
../TouchGfx_App/touchgfx/framework/include/touchgfx/Drawable.hpp:378:18:virtual void touchgfx::Drawable::childGeometryChanged()	0	static
../TouchGfx_App/touchgfx/framework/include/touchgfx/Drawable.hpp:389:18:virtual void touchgfx::Drawable::handleClickEvent(const touchgfx::ClickEvent&)	0	static
../TouchGfx_App/touchgfx/framework/include/touchgfx/Drawable.hpp:401:18:virtual void touchgfx::Drawable::handleGestureEvent(const touchgfx::GestureEvent&)	0	static
../TouchGfx_App/touchgfx/framework/include/touchgfx/Drawable.hpp:490:18:virtual void touchgfx::Drawable::handleDragEvent(const touchgfx::DragEvent&)	0	static
../TouchGfx_App/touchgfx/framework/include/touchgfx/Drawable.hpp:501:18:virtual void touchgfx::Drawable::handleTickEvent()	0	static
../TouchGfx_App/touchgfx/framework/include/touchgfx/Drawable.hpp:588:18:virtual void touchgfx::Drawable::moveTo(int16_t, int16_t)	4	static
../TouchGfx_App/touchgfx/framework/include/touchgfx/containers/Container.hpp:165:23:virtual touchgfx::Drawable* touchgfx::Container::getFirstChild()	0	static
../TouchGFX_App/gui/include/gui/containers/MenuItemContainer.hpp:11:13:MenuItemContainer::~MenuItemContainer()	8	static
../TouchGFX_App/gui/include/gui/containers/MenuItemContainer.hpp:11:13:virtual MenuItemContainer::~MenuItemContainer()	8	static
../TouchGfx_App/touchgfx/framework/include/touchgfx/Drawable.hpp:121:18:virtual void touchgfx::Drawable::invalidateContent() const	0	static
../TouchGFX_App/gui/src/containers/MenuItemContainer.cpp:4:1:MenuItemContainer::MenuItemContainer()	8	static
../TouchGFX_App/gui/src/containers/MenuItemContainer.cpp:15:6:void MenuItemContainer::setMenuText(const char*)	16	static
../TouchGFX_App/gui/src/containers/MenuItemContainer.cpp:30:6:void MenuItemContainer::setHighlighted(bool)	8	static
../TouchGFX_App/gui/src/containers/MenuItemContainer.cpp:10:6:virtual void MenuItemContainer::initialize()	0	static
