../TouchGfx_App/touchgfx/framework/include/touchgfx/Screen.hpp:104:18:virtual void touchgfx::Screen::afterTransition()	0	static
../TouchGFX_App/gui/src/menulayer3_screen/MenuLayer3View.cpp:35:6:virtual void MenuLayer3View::tearDownScreen()	0	static
../TouchGFX_App/gui/src/menulayer3_screen/MenuLayer3View.cpp:393:6:virtual void MenuLayer3View::handleHomeButton()	8	static
../TouchGFX_App/gui/include/gui/menulayer3_screen/MenuLayer3View.hpp:13:13:MenuLayer3View::~MenuLayer3View()	8	static
../TouchGFX_App/gui/include/gui/menulayer3_screen/MenuLayer3View.hpp:13:13:virtual MenuLayer3View::~MenuLayer3View()	8	static
../TouchGFX_App/gui/src/menulayer3_screen/MenuLayer3View.cpp:367:6:virtual void MenuLayer3View::handleEnterButton()	8	static
../TouchGFX_App/gui/src/menulayer3_screen/MenuLayer3View.cpp:6:1:MenuLayer3View::MenuLayer3View()	24	static
../TouchGFX_App/gui/src/menulayer3_screen/MenuLayer3View.cpp:46:6:void MenuLayer3View::initializeCurrentItem()	24	static
../TouchGFX_App/gui/src/menulayer3_screen/MenuLayer3View.cpp:112:6:void MenuLayer3View::updateDescriptionAndUnits()	24	static
../TouchGFX_App/gui/src/menulayer3_screen/MenuLayer3View.cpp:149:6:void MenuLayer3View::updateValueDisplay()	16	static
../TouchGFX_App/gui/src/menulayer3_screen/MenuLayer3View.cpp:172:6:void MenuLayer3View::updateEnumDisplay()	24	static
../TouchGFX_App/gui/src/menulayer3_screen/MenuLayer3View.cpp:93:6:void MenuLayer3View::updateDisplay()	16	static
../TouchGFX_App/gui/src/menulayer3_screen/MenuLayer3View.cpp:311:6:virtual void MenuLayer3View::handleUpButton()	16	static
../TouchGFX_App/gui/src/menulayer3_screen/MenuLayer3View.cpp:337:6:virtual void MenuLayer3View::handleDownButton()	8	static
../TouchGFX_App/gui/src/menulayer3_screen/MenuLayer3View.cpp:271:6:void MenuLayer3View::processUpButtonHold()	16	static
../TouchGFX_App/gui/src/menulayer3_screen/MenuLayer3View.cpp:289:6:void MenuLayer3View::processDownButtonHold()	8	static
../TouchGFX_App/gui/src/menulayer3_screen/MenuLayer3View.cpp:410:6:void MenuLayer3View::requestRedraw()	0	static
../TouchGFX_App/gui/src/menulayer3_screen/MenuLayer3View.cpp:21:6:virtual void MenuLayer3View::setupScreen()	8	static
../TouchGFX_App/gui/src/menulayer3_screen/MenuLayer3View.cpp:195:6:virtual void MenuLayer3View::handleTickEvent()	16	static
