../TouchGFX_App/gui/include/gui/model/ModelListener.hpp:20:18:virtual void ModelListener::systemStateChanged()	0	static
../TouchGFX_App/gui/include/gui/menulayer3_screen/MenuLayer3Presenter.hpp:29:13:MenuLayer3Presenter::~MenuLayer3Presenter()	0	static
../TouchGFX_App/gui/src/menulayer3_screen/MenuLayer3Presenter.cpp:10:6:virtual void MenuLayer3Presenter::activate()	0	static
../TouchGFX_App/gui/include/gui/menulayer3_screen/MenuLayer3Presenter.hpp:29:13:virtual MenuLayer3Presenter::~MenuLayer3Presenter()	8	static
../TouchGFX_App/gui/include/gui/menulayer3_screen/MenuLayer3Presenter.hpp:29:13:virtual void* MenuLayer3Presenter::_ZThn4_N19MenuLayer3PresenterD1Ev()	0	static
../TouchGFX_App/gui/src/menulayer3_screen/MenuLayer3Presenter.cpp:4:1:MenuLayer3Presenter::MenuLayer3Presenter(MenuLayer3View&)	0	static
../TouchGFX_App/gui/src/menulayer3_screen/MenuLayer3Presenter.cpp:20:14:MenuSubItem* MenuLayer3Presenter::getCurrentSubItem()	0	static
../TouchGFX_App/gui/src/menulayer3_screen/MenuLayer3Presenter.cpp:25:6:void MenuLayer3Presenter::saveNumberValue(int32_t)	0	static
../TouchGFX_App/gui/src/menulayer3_screen/MenuLayer3Presenter.cpp:30:6:void MenuLayer3Presenter::saveEnumSelection(uint8_t)	0	static
