../TouchGFX_App/gui/include/gui/model/ModelListener.hpp:20:18:virtual void ModelListener::systemStateChanged()	0	static
../TouchGFX_App/gui/include/gui/screentesthome_screen/ScreenTestHomePresenter.hpp:29:13:ScreenTestHomePresenter::~ScreenTestHomePresenter()	0	static
../TouchGFX_App/gui/src/screentesthome_screen/ScreenTestHomePresenter.cpp:10:6:virtual void ScreenTestHomePresenter::activate()	0	static
../TouchGFX_App/gui/include/gui/screentesthome_screen/ScreenTestHomePresenter.hpp:29:13:virtual ScreenTestHomePresenter::~ScreenTestHomePresenter()	8	static
../TouchGFX_App/gui/include/gui/screentesthome_screen/ScreenTestHomePresenter.hpp:29:13:virtual void* ScreenTestHomePresenter::_ZThn4_N23ScreenTestHomePresenterD1Ev()	0	static
../TouchGFX_App/gui/src/screentesthome_screen/ScreenTestHomePresenter.cpp:4:1:ScreenTestHomePresenter::ScreenTestHomePresenter(ScreenTestHomeView&)	0	static
