../Drivers/BSP/MX25L3233F/mx25l3233f.c:120:17:_AutoPollMemReady	48	static
../Drivers/BSP/MX25L3233F/mx25l3233f.c:56:6:_WriteEnable	48	static
../Drivers/BSP/MX25L3233F/mx25l3233f.c:88:6:_WriteDisable	48	static
../Drivers/BSP/MX25L3233F/mx25l3233f.c:245:17:MX25L32_ReadStatusRegister	48	static
../Drivers/BSP/MX25L3233F/mx25l3233f.c:279:17:MX25L32_ReadConfigRegister	48	static
../Drivers/BSP/MX25L3233F/mx25l3233f.c:314:17:MX25L32_WriteStatusConfigRegister	64	static
../Drivers/BSP/MX25L3233F/mx25l3233f.c:367:17:MX25L32_GetState	8	static
../Drivers/BSP/MX25L3233F/mx25l3233f.c:413:17:MX25L32_Read	56	static
../Drivers/BSP/MX25L3233F/mx25l3233f.c:463:17:MX25L32_ReadFast	56	static
../Drivers/BSP/MX25L3233F/mx25l3233f.c:514:17:MX25L32_ReadDual	56	static
../Drivers/BSP/MX25L3233F/mx25l3233f.c:563:17:MX25L32_ReadQuad	56	static
../Drivers/BSP/MX25L3233F/mx25l3233f.c:613:17:MX25L32_ReadX	64	static
../Drivers/BSP/MX25L3233F/mx25l3233f.c:678:17:MX25L32_PageProgram	64	static
../Drivers/BSP/MX25L3233F/mx25l3233f.c:777:17:MX25L32_PageProgramX	64	static
../Drivers/BSP/MX25L3233F/mx25l3233f.c:883:17:MX25L32_EraseChip	48	static
../Drivers/BSP/MX25L3233F/mx25l3233f.c:929:17:MX25L32_EraseSector	48	static
../Drivers/BSP/MX25L3233F/mx25l3233f.c:981:17:MX25L32_EraseBlock32kb	48	static
../Drivers/BSP/MX25L3233F/mx25l3233f.c:1033:17:MX25L32_EraseBlock64kb	48	static
../Drivers/BSP/MX25L3233F/mx25l3233f.c:1084:17:MX25L32_DeepPowerDown	48	static
../Drivers/BSP/MX25L3233F/mx25l3233f.c:1121:17:MX25L32_ReleaseDeepPowerDown	56	static
../Drivers/BSP/MX25L3233F/mx25l3233f.c:1161:17:MX25L32_Reset	48	static
../Drivers/BSP/MX25L3233F/mx25l3233f.c:185:17:MX25L32_Init	32	static
../Drivers/BSP/MX25L3233F/mx25l3233f.c:1205:17:MX25L32_SetNOP	48	static
../Drivers/BSP/MX25L3233F/mx25l3233f.c:1239:17:MX25L32_ReadSecurityRegister	48	static
../Drivers/BSP/MX25L3233F/mx25l3233f.c:1272:17:MX25L32_WriteSecurityRegister	48	static
../Drivers/BSP/MX25L3233F/mx25l3233f.c:1314:17:MX25L32_ReadREMS	64	static
../Drivers/BSP/MX25L3233F/mx25l3233f.c:1356:17:MX25L32_ReadSFDPValue	56	static
