../TouchGFX_App/gui/include/gui/model/ModelListener.hpp:20:18:virtual void ModelListener::systemStateChanged()	0	static
../TouchGFX_App/gui/include/gui/passwordentry_screen/PasswordEntryPresenter.hpp:20:13:PasswordEntryPresenter::~PasswordEntryPresenter()	0	static
../TouchGFX_App/gui/src/passwordentry_screen/PasswordEntryPresenter.cpp:10:6:virtual void PasswordEntryPresenter::activate()	0	static
../TouchGFX_App/gui/include/gui/passwordentry_screen/PasswordEntryPresenter.hpp:20:13:virtual PasswordEntryPresenter::~PasswordEntryPresenter()	8	static
../TouchGFX_App/gui/include/gui/passwordentry_screen/PasswordEntryPresenter.hpp:20:13:virtual void* PasswordEntryPresenter::_ZThn4_N22PasswordEntryPresenterD1Ev()	0	static
../TouchGFX_App/gui/src/passwordentry_screen/PasswordEntryPresenter.cpp:5:1:PasswordEntryPresenter::PasswordEntryPresenter(PasswordEntryView&)	8	static
../TouchGFX_App/gui/src/passwordentry_screen/PasswordEntryPresenter.cpp:18:10:uint16_t PasswordEntryPresenter::getStoredPassword()	0	static
