../TouchGfx_App/touchgfx/framework/include/touchgfx/Screen.hpp:104:18:virtual void touchgfx::Screen::afterTransition()	0	static
../TouchGfx_App/touchgfx/framework/include/touchgfx/Screen.hpp:144:18:virtual void touchgfx::Screen::handleTickEvent()	0	static
../TouchGFX_App/gui/src/passwordentry_screen/PasswordEntryView.cpp:20:6:virtual void PasswordEntryView::tearDownScreen()	0	static
../TouchGFX_App/gui/include/gui/passwordentry_screen/PasswordEntryView.hpp:11:13:PasswordEntryView::~PasswordEntryView()	8	static
../TouchGFX_App/gui/include/gui/passwordentry_screen/PasswordEntryView.hpp:11:13:virtual PasswordEntryView::~PasswordEntryView()	8	static
../TouchGFX_App/gui/src/passwordentry_screen/PasswordEntryView.cpp:6:1:PasswordEntryView::PasswordEntryView()	8	static
../TouchGFX_App/gui/src/passwordentry_screen/PasswordEntryView.cpp:66:6:void PasswordEntryView::updateDigitDisplay()	16	static
../TouchGFX_App/gui/src/passwordentry_screen/PasswordEntryView.cpp:75:6:void PasswordEntryView::updateBorderHighlight()	0	static
../TouchGFX_App/gui/src/passwordentry_screen/PasswordEntryView.cpp:25:6:void PasswordEntryView::resetPasswordEntry()	8	static
../TouchGFX_App/gui/src/passwordentry_screen/PasswordEntryView.cpp:59:6:void PasswordEntryView::moveToNextDigit()	0	static
../TouchGFX_App/gui/src/passwordentry_screen/PasswordEntryView.cpp:121:6:bool PasswordEntryView::checkPassword()	8	static
../TouchGFX_App/gui/src/passwordentry_screen/PasswordEntryView.cpp:35:6:virtual void PasswordEntryView::handleUpButton()	16	static
../TouchGFX_App/gui/src/passwordentry_screen/PasswordEntryView.cpp:42:6:virtual void PasswordEntryView::handleDownButton()	8	static
../TouchGFX_App/gui/src/passwordentry_screen/PasswordEntryView.cpp:132:6:void PasswordEntryView::showError()	8	static
../TouchGFX_App/gui/src/passwordentry_screen/PasswordEntryView.cpp:140:6:void PasswordEntryView::clearError()	8	static
../TouchGFX_App/gui/src/passwordentry_screen/PasswordEntryView.cpp:12:6:virtual void PasswordEntryView::setupScreen()	8	static
../TouchGFX_App/gui/src/passwordentry_screen/PasswordEntryView.cpp:100:6:void PasswordEntryView::validatePassword()	8	static
../TouchGFX_App/gui/src/passwordentry_screen/PasswordEntryView.cpp:49:6:virtual void PasswordEntryView::handleEnterButton()	8	static
